// Jest Snapshot v1, https://goo.gl/fbAQLP

exports[`Counter Renders the counter component 1`] = `
<div
  style={
    Object {
      "margin": "0 auto",
    }
  }
>
  <h2>
    Count: 
    0
  </h2>
  <button
    className="btn btn-default"
    onClick={[Function]}
  >
    Increment
  </button>
   
  <button
    className="btn btn-default"
    onClick={[Function]}
  >
    Decrement
  </button>
   
  <button
    className="btn btn-default"
    onClick={[Function]}
  >
    Double (Async)
  </button>
</div>
`;
